\BOOKMARK [0][-]{chapter.1}{\376\377\000S\000p\000e\000c\000i\000a\000l\000\040\000R\000e\000l\000a\000t\000i\000v\000i\000t\000y\000\040\000a\000n\000d\000\040\000F\000l\000a\000t\000\040\000S\000p\000a\000c\000e\000t\000i\000m\000e}{}% 1
\BOOKMARK [1][-]{section.1.1}{\376\377\000P\000r\000e\000l\000u\000d\000e}{chapter.1}% 2
\BOOKMARK [1][-]{section.1.2}{\376\377\000S\000p\000a\000c\000e\000\040\000a\000n\000d\000\040\000T\000i\000m\000e\000,\000\040\000S\000e\000p\000a\000r\000a\000t\000e\000l\000y\000\040\000a\000n\000d\000\040\000T\000o\000g\000e\000t\000h\000e\000r}{chapter.1}% 3
\BOOKMARK [1][-]{section.1.3}{\376\377\000L\000o\000r\000e\000n\000t\000z\000\040\000T\000r\000a\000n\000s\000f\000o\000r\000m\000a\000t\000i\000o\000n\000s}{chapter.1}% 4
\BOOKMARK [1][-]{section.1.4}{\376\377\000V\000e\000c\000t\000o\000r\000s}{chapter.1}% 5
\BOOKMARK [1][-]{section.1.5}{\376\377\000D\000u\000a\000l\000\040\000V\000e\000c\000t\000o\000r\000s\000\040\000\050\000O\000n\000e\000-\000F\000o\000r\000m\000s\000\051}{chapter.1}% 6
\BOOKMARK [1][-]{section.1.6}{\376\377\000T\000e\000n\000s\000o\000r\000s}{chapter.1}% 7
\BOOKMARK [1][-]{section.1.7}{\376\377\000M\000a\000n\000i\000p\000u\000l\000a\000t\000i\000n\000g\000\040\000T\000e\000n\000s\000o\000r\000s}{chapter.1}% 8
\BOOKMARK [1][-]{section.1.8}{\376\377\000M\000a\000x\000w\000e\000l\000l\000'\000s\000\040\000E\000q\000u\000a\000t\000i\000o\000n\000s}{chapter.1}% 9
\BOOKMARK [1][-]{section.1.9}{\376\377\000E\000n\000e\000r\000g\000y\000\040\000a\000n\000d\000\040\000M\000o\000m\000e\000n\000t\000u\000m}{chapter.1}% 10
\BOOKMARK [1][-]{section.1.10}{\376\377\000C\000l\000a\000s\000s\000i\000c\000a\000l\000\040\000F\000i\000e\000l\000d\000\040\000T\000h\000e\000o\000r\000y}{chapter.1}% 11
\BOOKMARK [0][-]{chapter.2}{\376\377\000M\000a\000n\000i\000f\000o\000l\000d\000s}{}% 12
\BOOKMARK [1][-]{section.2.1}{\376\377\000G\000r\000a\000v\000i\000t\000y\000\040\000a\000s\000\040\000G\000e\000o\000m\000e\000t\000r\000y}{chapter.2}% 13
\BOOKMARK [1][-]{section.2.2}{\376\377\000W\000h\000a\000t\000\040\000I\000s\000\040\000a\000\040\000M\000a\000n\000i\000f\000o\000l\000d\000?}{chapter.2}% 14
\BOOKMARK [1][-]{section.2.3}{\376\377\000V\000e\000c\000t\000o\000r\000s\000\040\000A\000g\000a\000i\000n}{chapter.2}% 15
\BOOKMARK [1][-]{section.2.4}{\376\377\000T\000e\000n\000s\000o\000r\000s\000\040\000A\000g\000a\000i\000n}{chapter.2}% 16
\BOOKMARK [1][-]{section.2.5}{\376\377\000T\000h\000e\000\040\000M\000e\000t\000r\000i\000c}{chapter.2}% 17
\BOOKMARK [1][-]{section.2.6}{\376\377\000A\000n\000\040\000E\000x\000p\000a\000n\000d\000i\000n\000g\000\040\000U\000n\000i\000v\000e\000r\000s\000e}{chapter.2}% 18
\BOOKMARK [1][-]{section.2.7}{\376\377\000C\000a\000u\000s\000a\000l\000i\000t\000y}{chapter.2}% 19
\BOOKMARK [1][-]{section.2.8}{\376\377\000T\000e\000n\000s\000o\000r\000\040\000D\000e\000n\000s\000i\000t\000i\000e\000s}{chapter.2}% 20
\BOOKMARK [1][-]{section.2.9}{\376\377\000D\000i\000f\000f\000e\000r\000e\000n\000t\000i\000a\000l\000\040\000F\000o\000r\000m\000s}{chapter.2}% 21
\BOOKMARK [1][-]{section.2.10}{\376\377\000I\000n\000t\000e\000g\000r\000a\000t\000i\000o\000n}{chapter.2}% 22
\BOOKMARK [0][-]{chapter.3}{\376\377\000C\000u\000r\000v\000a\000t\000u\000r\000e}{}% 23
\BOOKMARK [1][-]{section.3.1}{\376\377\000O\000v\000e\000r\000v\000i\000e\000w}{chapter.3}% 24
\BOOKMARK [1][-]{section.3.2}{\376\377\000C\000o\000v\000a\000r\000i\000a\000n\000t\000\040\000D\000e\000r\000i\000v\000a\000t\000i\000v\000e\000s}{chapter.3}% 25
\BOOKMARK [1][-]{section.3.3}{\376\377\000P\000a\000r\000a\000l\000l\000e\000l\000\040\000T\000r\000a\000n\000s\000p\000o\000r\000t\000\040\000a\000n\000d\000\040\000G\000e\000o\000d\000e\000s\000i\000c\000s}{chapter.3}% 26
\BOOKMARK [1][-]{section.3.4}{\376\377\000P\000r\000o\000p\000e\000r\000t\000i\000e\000s\000\040\000o\000f\000\040\000G\000e\000o\000d\000e\000s\000i\000c\000s}{chapter.3}% 27
\BOOKMARK [1][-]{section.3.5}{\376\377\000T\000h\000e\000\040\000E\000x\000p\000a\000n\000d\000i\000n\000g\000\040\000U\000n\000i\000v\000e\000r\000s\000e\000\040\000R\000e\000v\000i\000s\000i\000t\000e\000d}{chapter.3}% 28
\BOOKMARK [1][-]{section.3.6}{\376\377\000T\000h\000e\000\040\000R\000i\000e\000m\000a\000n\000n\000\040\000C\000u\000r\000v\000a\000t\000u\000r\000e\000\040\000T\000e\000n\000s\000o\000r}{chapter.3}% 29
\BOOKMARK [1][-]{section.3.7}{\376\377\000P\000r\000o\000p\000e\000r\000t\000i\000e\000s\000\040\000o\000f\000\040\000t\000h\000e\000\040\000R\000i\000e\000m\000a\000n\000n\000\040\000T\000e\000n\000s\000o\000r}{chapter.3}% 30
\BOOKMARK [1][-]{section.3.8}{\376\377\000M\000a\000t\000h\000e\000m\000a\000t\000i\000c\000a\000l\000\040\000I\000n\000t\000e\000r\000l\000u\000d\000e\000:\000\040\000D\000i\000f\000f\000e\000o\000m\000o\000r\000p\000h\000i\000s\000m\000s\000\040\000a\000n\000d\000\040\000L\000i\000e\000\040\000D\000e\000r\000i\000v\000a\000t\000i\000v\000e\000s}{chapter.3}% 31
\BOOKMARK [1][-]{section.3.9}{\376\377\000S\000y\000m\000m\000e\000t\000r\000i\000e\000s\000\040\000a\000n\000d\000\040\000K\000i\000l\000l\000i\000n\000g\000\040\000V\000e\000c\000t\000o\000r\000s}{chapter.3}% 32
\BOOKMARK [0][-]{chapter.4}{\376\377\000G\000r\000a\000v\000i\000t\000a\000t\000i\000o\000n}{}% 33
\BOOKMARK [1][-]{section.4.1}{\376\377\000P\000h\000y\000s\000i\000c\000s\000\040\000i\000n\000\040\000C\000u\000r\000v\000e\000d\000\040\000S\000p\000a\000c\000e\000t\000i\000m\000e}{chapter.4}% 34
\BOOKMARK [1][-]{section.4.2}{\376\377\000E\000i\000n\000s\000t\000e\000i\000n\000'\000s\000\040\000E\000q\000u\000a\000t\000i\000o\000n}{chapter.4}% 35
\BOOKMARK [2][-]{subsection.4.2.1}{\376\377\000M\000o\000t\000i\000v\000a\000t\000i\000n\000g\000\040\000t\000h\000e\000\040\000T\000e\000n\000s\000o\000r\000i\000a\000l\000\040\000E\000q\000u\000a\000t\000i\000o\000n}{section.4.2}% 36
\BOOKMARK [2][-]{subsection.4.2.2}{\376\377\000T\000h\000e\000\040\000C\000o\000n\000s\000e\000r\000v\000a\000t\000i\000o\000n\000\040\000o\000f\000\040\000E\000n\000e\000r\000g\000y\000\040\000P\000r\000o\000b\000l\000e\000m}{section.4.2}% 37
\BOOKMARK [2][-]{subsection.4.2.3}{\376\377\000T\000h\000e\000\040\000E\000i\000n\000s\000t\000e\000i\000n\000\040\000T\000e\000n\000s\000o\000r}{section.4.2}% 38
\BOOKMARK [2][-]{subsection.4.2.4}{\376\377\000T\000h\000e\000\040\000T\000r\000a\000c\000e\000-\000R\000e\000v\000e\000r\000s\000e\000d\000\040\000F\000o\000r\000m}{section.4.2}% 39
\BOOKMARK [2][-]{subsection.4.2.5}{\376\377\000T\000h\000e\000\040\000N\000e\000w\000t\000o\000n\000i\000a\000n\000\040\000L\000i\000m\000i\000t\000\040\000a\000n\000d\000\040\000t\000h\000e\000\040\000C\000o\000u\000p\000l\000i\000n\000g\000\040\000C\000o\000n\000s\000t\000a\000n\000t}{section.4.2}% 40
\BOOKMARK [2][-]{subsection.4.2.6}{\376\377\000V\000a\000c\000u\000u\000m\000\040\000E\000q\000u\000a\000t\000i\000o\000n\000s}{section.4.2}% 41
\BOOKMARK [2][-]{subsection.4.2.7}{\376\377\000T\000h\000e\000\040\000H\000i\000l\000b\000e\000r\000t\000\040\000A\000c\000t\000i\000o\000n}{section.4.2}% 42
\BOOKMARK [2][-]{subsection.4.2.8}{\376\377\000V\000a\000r\000y\000i\000n\000g\000\040\000t\000h\000e\000\040\000H\000i\000l\000b\000e\000r\000t\000\040\000A\000c\000t\000i\000o\000n}{section.4.2}% 43
\BOOKMARK [1][-]{section.4.3}{\376\377\000T\000h\000e\000\040\000P\000a\000l\000a\000t\000i\000n\000i\000\040\000F\000o\000r\000m\000u\000l\000a\000t\000i\000o\000n\000\040\000a\000n\000d\000\040\000I\000d\000e\000n\000t\000i\000t\000y}{chapter.4}% 44
\BOOKMARK [2][-]{subsection.4.3.1}{\376\377\000P\000r\000o\000o\000f\000\040\000t\000h\000e\000\040\000P\000a\000l\000a\000t\000i\000n\000i\000\040\000I\000d\000e\000n\000t\000i\000t\000y}{section.4.3}% 45
\BOOKMARK [2][-]{subsection.4.3.2}{\376\377\000V\000a\000r\000i\000a\000t\000i\000o\000n\000\040\000o\000f\000\040\000t\000h\000e\000\040\000A\000c\000t\000i\000o\000n\000\040\000a\000n\000d\000\040\000I\000n\000t\000e\000g\000r\000a\000t\000i\000o\000n\000\040\000b\000y\000\040\000P\000a\000r\000t\000s}{section.4.3}% 46
\BOOKMARK [2][-]{subsection.4.3.3}{\376\377\000R\000e\000c\000o\000v\000e\000r\000i\000n\000g\000\040\000M\000e\000t\000r\000i\000c\000\040\000C\000o\000m\000p\000a\000t\000i\000b\000i\000l\000i\000t\000y}{section.4.3}% 47
\BOOKMARK [2][-]{subsection.4.3.4}{\376\377\000D\000e\000r\000i\000v\000i\000n\000g\000\040\000t\000h\000e\000\040\000V\000a\000c\000u\000u\000m\000\040\000E\000q\000u\000a\000t\000i\000o\000n\000s}{section.4.3}% 48
\BOOKMARK [2][-]{subsection.4.3.5}{\376\377\000I\000n\000c\000l\000u\000d\000i\000n\000g\000\040\000M\000a\000t\000t\000e\000r\000:\000\040\000T\000h\000e\000\040\000E\000n\000e\000r\000g\000y\000-\000M\000o\000m\000e\000n\000t\000u\000m\000\040\000T\000e\000n\000s\000o\000r}{section.4.3}% 49
\BOOKMARK [1][-]{section.4.4}{\376\377\000P\000r\000o\000p\000e\000r\000t\000i\000e\000s\000\040\000o\000f\000\040\000E\000i\000n\000s\000t\000e\000i\000n\000'\000s\000\040\000E\000q\000u\000a\000t\000i\000o\000n}{chapter.4}% 50
\BOOKMARK [2][-]{subsection.4.4.1}{\376\377\000D\000e\000r\000i\000v\000a\000t\000i\000o\000n\000\040\000o\000f\000\040\000t\000h\000e\000\040\000W\000e\000y\000l\000\040\000T\000e\000n\000s\000o\000r\000\040\000P\000r\000o\000p\000a\000g\000a\000t\000i\000o\000n\000\040\000E\000q\000u\000a\000t\000i\000o\000n}{section.4.4}% 51
\BOOKMARK [2][-]{subsection.4.4.2}{\376\377\000Q\000u\000a\000n\000t\000u\000m\000\040\000G\000r\000a\000v\000i\000t\000y\000\040\000a\000n\000d\000\040\000t\000h\000e\000\040\000P\000l\000a\000n\000c\000k\000\040\000S\000c\000a\000l\000e}{section.4.4}% 52
\BOOKMARK [1][-]{section.4.5}{\376\377\000T\000h\000e\000\040\000C\000o\000s\000m\000o\000l\000o\000g\000i\000c\000a\000l\000\040\000C\000o\000n\000s\000t\000a\000n\000t}{chapter.4}% 53
\BOOKMARK [2][-]{subsection.4.5.1}{\376\377\000V\000a\000c\000u\000u\000m\000\040\000E\000n\000e\000r\000g\000y\000\040\000a\000n\000d\000\040\000L\000o\000r\000e\000n\000t\000z\000\040\000I\000n\000v\000a\000r\000i\000a\000n\000c\000e}{section.4.5}% 54
\BOOKMARK [2][-]{subsection.4.5.2}{\376\377\000E\000q\000u\000a\000t\000i\000o\000n\000\040\000o\000f\000\040\000S\000t\000a\000t\000e\000\040\000f\000o\000r\000\040\000t\000h\000e\000\040\000V\000a\000c\000u\000u\000m}{section.4.5}% 55
\BOOKMARK [2][-]{subsection.4.5.3}{\376\377\000M\000o\000d\000i\000f\000y\000i\000n\000g\000\040\000E\000i\000n\000s\000t\000e\000i\000n\000'\000s\000\040\000E\000q\000u\000a\000t\000i\000o\000n}{section.4.5}% 56
\BOOKMARK [2][-]{subsection.4.5.4}{\376\377\000L\000a\000g\000r\000a\000n\000g\000i\000a\000n\000\040\000D\000e\000r\000i\000v\000a\000t\000i\000o\000n}{section.4.5}% 57
\BOOKMARK [2][-]{subsection.4.5.5}{\376\377\000T\000h\000e\000\040\000C\000o\000s\000m\000o\000l\000o\000g\000i\000c\000a\000l\000\040\000C\000o\000n\000s\000t\000a\000n\000t\000\040\000P\000r\000o\000b\000l\000e\000m}{section.4.5}% 58
\BOOKMARK [1][-]{section.4.6}{\376\377\000E\000n\000e\000r\000g\000y\000\040\000C\000o\000n\000d\000i\000t\000i\000o\000n\000s}{chapter.4}% 59
\BOOKMARK [2][-]{subsection.4.6.1}{\376\377\000T\000h\000e\000\040\000W\000e\000a\000k\000\040\000E\000n\000e\000r\000g\000y\000\040\000C\000o\000n\000d\000i\000t\000i\000o\000n\000\040\000\050\000W\000E\000C\000\051}{section.4.6}% 60
\BOOKMARK [2][-]{subsection.4.6.2}{\376\377\000T\000h\000e\000\040\000N\000u\000l\000l\000\040\000E\000n\000e\000r\000g\000y\000\040\000C\000o\000n\000d\000i\000t\000i\000o\000n\000\040\000\050\000N\000E\000C\000\051}{section.4.6}% 61
\BOOKMARK [2][-]{subsection.4.6.3}{\376\377\000T\000h\000e\000\040\000D\000o\000m\000i\000n\000a\000n\000t\000\040\000E\000n\000e\000r\000g\000y\000\040\000C\000o\000n\000d\000i\000t\000i\000o\000n\000\040\000\050\000D\000E\000C\000\051}{section.4.6}% 62
\BOOKMARK [2][-]{subsection.4.6.4}{\376\377\000T\000h\000e\000\040\000N\000u\000l\000l\000\040\000D\000o\000m\000i\000n\000a\000n\000t\000\040\000E\000n\000e\000r\000g\000y\000\040\000C\000o\000n\000d\000i\000t\000i\000o\000n\000\040\000\050\000N\000D\000E\000C\000\051}{section.4.6}% 63
\BOOKMARK [2][-]{subsection.4.6.5}{\376\377\000T\000h\000e\000\040\000S\000t\000r\000o\000n\000g\000\040\000E\000n\000e\000r\000g\000y\000\040\000C\000o\000n\000d\000i\000t\000i\000o\000n\000\040\000\050\000S\000E\000C\000\051}{section.4.6}% 64
\BOOKMARK [1][-]{section.4.7}{\376\377\000T\000h\000e\000\040\000E\000q\000u\000i\000v\000a\000l\000e\000n\000c\000e\000\040\000P\000r\000i\000n\000c\000i\000p\000l\000e\000\040\000R\000e\000v\000i\000s\000i\000t\000e\000d}{chapter.4}% 65
\BOOKMARK [2][-]{subsection.4.7.1}{\376\377\000T\000h\000e\000\040\000A\000p\000p\000r\000o\000x\000i\000m\000a\000t\000i\000o\000n\000\040\000o\000f\000\040\000M\000i\000n\000i\000m\000a\000l\000\040\000C\000o\000u\000p\000l\000i\000n\000g}{section.4.7}% 66
\BOOKMARK [1][-]{section.4.8}{\376\377\000A\000l\000t\000e\000r\000n\000a\000t\000i\000v\000e\000\040\000T\000h\000e\000o\000r\000i\000e\000s\000\040\000o\000f\000\040\000G\000r\000a\000v\000i\000t\000y}{chapter.4}% 67
\BOOKMARK [2][-]{subsection.4.8.1}{\376\377\000H\000i\000g\000h\000e\000r\000-\000O\000r\000d\000e\000r\000\040\000A\000c\000t\000i\000o\000n\000s\000:\000\040\000f\000\050\000R\000\051\000\040\000G\000r\000a\000v\000i\000t\000y}{section.4.8}% 68
\BOOKMARK [2][-]{subsection.4.8.2}{\376\377\000S\000c\000a\000l\000a\000r\000-\000T\000e\000n\000s\000o\000r\000\040\000T\000h\000e\000o\000r\000i\000e\000s}{section.4.8}% 69
\BOOKMARK [2][-]{subsection.4.8.3}{\376\377\000T\000o\000r\000s\000i\000o\000n\000\040\000a\000n\000d\000\040\000N\000o\000n\000-\000C\000h\000r\000i\000s\000t\000o\000f\000f\000e\000l\000\040\000C\000o\000n\000n\000e\000c\000t\000i\000o\000n\000s}{section.4.8}% 70
\BOOKMARK [2][-]{subsection.4.8.4}{\376\377\000A\000d\000d\000i\000t\000i\000o\000n\000a\000l\000\040\000T\000e\000n\000s\000o\000r\000\040\000F\000i\000e\000l\000d\000s\000\040\000a\000n\000d\000\040\000G\000e\000o\000m\000e\000t\000r\000i\000c\000\040\000G\000e\000n\000e\000r\000a\000l\000i\000z\000a\000t\000i\000o\000n\000s}{section.4.8}% 71
\BOOKMARK [1][-]{section.4.9}{\376\377\000V\000a\000r\000i\000a\000t\000i\000o\000n\000a\000l\000\040\000D\000e\000r\000i\000v\000a\000t\000i\000o\000n\000s\000\040\000o\000f\000\040\000A\000d\000v\000a\000n\000c\000e\000d\000\040\000F\000i\000e\000l\000d\000\040\000E\000q\000u\000a\000t\000i\000o\000n\000s}{chapter.4}% 72
\BOOKMARK [2][-]{subsection.4.9.1}{\376\377\000T\000h\000e\000\040\000E\000l\000e\000c\000t\000r\000o\000m\000a\000g\000n\000e\000t\000i\000c\000\040\000S\000t\000r\000e\000s\000s\000-\000E\000n\000e\000r\000g\000y\000\040\000T\000e\000n\000s\000o\000r}{section.4.9}% 73
\BOOKMARK [2][-]{subsection.4.9.2}{\376\377\000T\000h\000e\000\040\000P\000a\000l\000a\000t\000i\000n\000i\000\040\000F\000o\000r\000m\000u\000l\000a\000t\000i\000o\000n\000\040\000o\000f\000\040\000G\000e\000n\000e\000r\000a\000l\000\040\000R\000e\000l\000a\000t\000i\000v\000i\000t\000y}{section.4.9}% 74
\BOOKMARK [0][-]{chapter.5}{\376\377\000T\000h\000e\000\040\000S\000c\000h\000w\000a\000r\000z\000s\000c\000h\000i\000l\000d\000\040\000S\000o\000l\000u\000t\000i\000o\000n}{}% 75
\BOOKMARK [1][-]{section.5.1}{\376\377\000T\000h\000e\000\040\000S\000c\000h\000w\000a\000r\000z\000s\000c\000h\000i\000l\000d\000\040\000S\000o\000l\000u\000t\000i\000o\000n}{chapter.5}% 76
\BOOKMARK [2][-]{subsection.5.1.1}{\376\377\000M\000e\000t\000r\000i\000c\000\040\000A\000n\000s\000a\000t\000z\000\040\000a\000n\000d\000\040\000S\000y\000m\000m\000e\000t\000r\000y\000\040\000J\000u\000s\000t\000i\000f\000i\000c\000a\000t\000i\000o\000n}{section.5.1}% 77
\BOOKMARK [2][-]{subsection.5.1.2}{\376\377\000I\000n\000v\000e\000r\000s\000e\000\040\000M\000e\000t\000r\000i\000c\000\040\000a\000n\000d\000\040\000D\000e\000t\000e\000r\000m\000i\000n\000a\000n\000t}{section.5.1}% 78
\BOOKMARK [2][-]{subsection.5.1.3}{\376\377\000D\000e\000r\000i\000v\000a\000t\000i\000o\000n\000\040\000o\000f\000\040\000t\000h\000e\000\040\000R\000i\000c\000c\000i\000\040\000T\000e\000n\000s\000o\000r}{section.5.1}% 79
\BOOKMARK [2][-]{subsection.5.1.4}{\376\377\000E\000i\000n\000s\000t\000e\000i\000n\000\040\000E\000q\000u\000a\000t\000i\000o\000n\000s\000\040\000a\000n\000d\000\040\000S\000o\000l\000u\000t\000i\000o\000n}{section.5.1}% 80
\BOOKMARK [2][-]{subsection.5.1.5}{\376\377\000F\000i\000n\000a\000l\000\040\000S\000c\000h\000w\000a\000r\000z\000s\000c\000h\000i\000l\000d\000\040\000M\000e\000t\000r\000i\000c\000\040\000a\000n\000d\000\040\000I\000n\000t\000e\000r\000p\000r\000e\000t\000a\000t\000i\000o\000n}{section.5.1}% 81
\BOOKMARK [1][-]{section.5.2}{\376\377\000B\000i\000r\000k\000h\000o\000f\000f\000'\000s\000\040\000T\000h\000e\000o\000r\000e\000m}{chapter.5}% 82
\BOOKMARK [2][-]{subsection.5.2.1}{\376\377\000G\000e\000n\000e\000r\000a\000l\000\040\000S\000p\000h\000e\000r\000i\000c\000a\000l\000l\000y\000\040\000S\000y\000m\000m\000e\000t\000r\000i\000c\000\040\000M\000e\000t\000r\000i\000c}{section.5.2}% 83
\BOOKMARK [1][-]{section.5.3}{\376\377\000C\000o\000o\000r\000d\000i\000n\000a\000t\000e\000\040\000v\000s\000.\000\040\000C\000u\000r\000v\000a\000t\000u\000r\000e\000\040\000S\000i\000n\000g\000u\000l\000a\000r\000i\000t\000i\000e\000s}{chapter.5}% 84
\BOOKMARK [1][-]{section.5.4}{\376\377\000G\000e\000o\000d\000e\000s\000i\000c\000s\000\040\000o\000f\000\040\000t\000h\000e\000\040\000S\000c\000h\000w\000a\000r\000z\000s\000c\000h\000i\000l\000d\000\040\000G\000e\000o\000m\000e\000t\000r\000y}{chapter.5}% 85
\BOOKMARK [1][-]{section.5.5}{\376\377\000E\000x\000p\000e\000r\000i\000m\000e\000n\000t\000a\000l\000\040\000T\000e\000s\000t\000s\000\040\000o\000f\000\040\000G\000e\000n\000e\000r\000a\000l\000\040\000R\000e\000l\000a\000t\000i\000v\000i\000t\000y}{chapter.5}% 86
\BOOKMARK [2][-]{subsection.5.5.1}{\376\377\000T\000h\000e\000\040\000P\000r\000e\000c\000e\000s\000s\000i\000o\000n\000\040\000o\000f\000\040\000P\000e\000r\000i\000h\000e\000l\000i\000a}{section.5.5}% 87
\BOOKMARK [2][-]{subsection.5.5.2}{\376\377\000G\000r\000a\000v\000i\000t\000a\000t\000i\000o\000n\000a\000l\000\040\000R\000e\000d\000s\000h\000i\000f\000t}{section.5.5}% 88
\BOOKMARK [1][-]{section.5.6}{\376\377\000S\000c\000h\000w\000a\000r\000z\000s\000c\000h\000i\000l\000d\000\040\000B\000l\000a\000c\000k\000\040\000H\000o\000l\000e\000s\000\040\000a\000n\000d\000\040\000C\000a\000u\000s\000a\000l\000\040\000S\000t\000r\000u\000c\000t\000u\000r\000e}{chapter.5}% 89
\BOOKMARK [2][-]{subsection.5.6.1}{\376\377\000C\000a\000u\000s\000a\000l\000\040\000S\000t\000r\000u\000c\000t\000u\000r\000e\000\040\000i\000n\000\040\000S\000c\000h\000w\000a\000r\000z\000s\000c\000h\000i\000l\000d\000\040\000C\000o\000o\000r\000d\000i\000n\000a\000t\000e\000s}{section.5.6}% 90
\BOOKMARK [2][-]{subsection.5.6.2}{\376\377\000T\000h\000e\000\040\000T\000o\000r\000t\000o\000i\000s\000e\000\040\000C\000o\000o\000r\000d\000i\000n\000a\000t\000e}{section.5.6}% 91
\BOOKMARK [2][-]{subsection.5.6.3}{\376\377\000E\000d\000d\000i\000n\000g\000t\000o\000n\000-\000F\000i\000n\000k\000e\000l\000s\000t\000e\000i\000n\000\040\000C\000o\000o\000r\000d\000i\000n\000a\000t\000e\000s}{section.5.6}% 92
\BOOKMARK [2][-]{subsection.5.6.4}{\376\377\000T\000h\000e\000\040\000E\000v\000e\000n\000t\000\040\000H\000o\000r\000i\000z\000o\000n\000\040\000a\000n\000d\000\040\000t\000h\000e\000\040\000T\000i\000p\000p\000i\000n\000g\000\040\000o\000f\000\040\000L\000i\000g\000h\000t\000\040\000C\000o\000n\000e\000s}{section.5.6}% 93
